// Jest Snapshot v1, https://goo.gl/fbAQLP

exports[`ErrorState Snapshot ErrorState 1`] = `
<View>
  <Text>
    Something broke!
  </Text>
  <Text>
    An unknown error has occured. Please try again later.
  </Text>
</View>
`;
