// Jest Snapshot v1, https://goo.gl/fbAQLP

exports[`SystemApp Snapshot SystemApp component 1`] = `
<Text>
  Loading
</Text>
`;

exports[`SystemApp Snapshot SystemApp component after complete render 1`] = `
<View>
  <View>
    <Text
      style={
        Array [
          Object {
            "color": "rgba(0, 0, 0, 0.87)",
            "fontFamily": "Helvetica",
            "fontSize": 16,
            "fontWeight": "400",
          },
          undefined,
        ]
      }
    >
      ðŸš€ BlueBase System Content!
    </Text>
  </View>
</View>
`;
