// Jest Snapshot v1, https://goo.gl/fbAQLP

exports[`Link changes the class when hovered 1`] = `
Object {
  "instance": null,
  "nodeType": "component",
  "props": Object {},
  "rendered": null,
  "type": [Function],
}
`;
