// Jest Snapshot v1, https://goo.gl/fbAQLP

exports[`JsonSchema Snapshot ComponentState component 1`] = `
<Text
  style={
    Object {
      "color": "red",
    }
  }
>
  This componenet is generated through JsonSchema Component
</Text>
`;
