// Jest Snapshot v1, https://goo.gl/fbAQLP

exports[`PluginIcon Snapshot PluginIcon component 1`] = `
Object {
  "instance": PluginIcon {
    "_reactInternalFiber": FiberNode {
      "_debugID": 3,
      "_debugIsCurrentlyTiming": false,
      "_debugOwner": null,
      "_debugSource": null,
      "alternate": null,
      "child": FiberNode {
        "_debugID": 4,
        "_debugIsCurrentlyTiming": false,
        "_debugOwner": [Circular],
        "_debugSource": null,
        "alternate": null,
        "child": FiberNode {
          "_debugID": 5,
          "_debugIsCurrentlyTiming": false,
          "_debugOwner": [Circular],
          "_debugSource": null,
          "alternate": null,
          "child": FiberNode {
            "_debugID": 6,
            "_debugIsCurrentlyTiming": false,
            "_debugOwner": [Circular],
            "_debugSource": null,
            "alternate": null,
            "child": null,
            "childExpirationTime": 0,
            "effectTag": 1,
            "elementType": [Function],
            "expirationTime": 0,
            "firstContextDependency": null,
            "firstEffect": null,
            "index": 0,
            "key": null,
            "lastEffect": null,
            "memoizedProps": Object {
              "children": [Function],
            },
            "memoizedState": null,
            "mode": 0,
            "nextEffect": null,
            "pendingProps": Object {
              "children": [Function],
            },
            "ref": null,
            "return": [Circular],
            "sibling": null,
            "stateNode": null,
            "tag": 0,
            "type": [Function],
            "updateQueue": null,
          },
          "childExpirationTime": 0,
          "effectTag": 1,
          "elementType": [Function],
          "expirationTime": 0,
          "firstContextDependency": null,
          "firstEffect": null,
          "index": 0,
          "key": null,
          "lastEffect": null,
          "memoizedProps": Object {
            "size": 100,
            "source": "",
            "type": "image",
          },
          "memoizedState": null,
          "mode": 0,
          "nextEffect": null,
          "pendingProps": Object {
            "size": 100,
            "source": "",
            "type": "image",
          },
          "ref": null,
          "return": [Circular],
          "sibling": null,
          "stateNode": null,
          "tag": 0,
          "type": [Function],
          "updateQueue": null,
        },
        "childExpirationTime": 0,
        "effectTag": 1,
        "elementType": [Function],
        "expirationTime": 0,
        "firstContextDependency": null,
        "firstEffect": null,
        "index": 0,
        "key": null,
        "lastEffect": null,
        "memoizedProps": Object {
          "children": [Function],
        },
        "memoizedState": null,
        "mode": 0,
        "nextEffect": null,
        "pendingProps": Object {
          "children": [Function],
        },
        "ref": null,
        "return": [Circular],
        "sibling": null,
        "stateNode": null,
        "tag": 0,
        "type": [Function],
        "updateQueue": null,
      },
      "childExpirationTime": 0,
      "effectTag": 1,
      "elementType": [Function],
      "expirationTime": 0,
      "firstContextDependency": null,
      "firstEffect": null,
      "index": 0,
      "key": null,
      "lastEffect": null,
      "memoizedProps": Object {
        "slug": "dummy-plugin",
      },
      "memoizedState": null,
      "mode": 0,
      "nextEffect": null,
      "pendingProps": Object {
        "slug": "dummy-plugin",
      },
      "ref": null,
      "return": FiberNode {
        "_debugID": 1,
        "_debugIsCurrentlyTiming": false,
        "_debugOwner": null,
        "_debugSource": null,
        "alternate": FiberNode {
          "_debugID": 1,
          "_debugIsCurrentlyTiming": false,
          "_debugOwner": null,
          "_debugSource": null,
          "alternate": [Circular],
          "child": null,
          "childExpirationTime": 0,
          "effectTag": 0,
          "elementType": null,
          "expirationTime": 1073741823,
          "firstContextDependency": null,
          "firstEffect": null,
          "index": 0,
          "key": null,
          "lastEffect": null,
          "memoizedProps": null,
          "memoizedState": null,
          "mode": 0,
          "nextEffect": null,
          "pendingProps": null,
          "ref": null,
          "return": null,
          "sibling": null,
          "stateNode": Object {
            "containerInfo": Object {
              "children": Array [],
              "createNodeMock": [Function],
              "tag": "CONTAINER",
            },
            "context": Object {},
            "current": [Circular],
            "didError": false,
            "earliestPendingTime": 0,
            "earliestSuspendedTime": 0,
            "expirationTime": 0,
            "finishedWork": null,
            "firstBatch": null,
            "hydrate": false,
            "latestPendingTime": 0,
            "latestPingedTime": 0,
            "latestSuspendedTime": 0,
            "nextExpirationTimeToWorkOn": 0,
            "nextScheduledRoot": null,
            "pendingChildren": null,
            "pendingCommitExpirationTime": 0,
            "pendingContext": null,
            "timeoutHandle": -1,
          },
          "tag": 3,
          "type": null,
          "updateQueue": Object {
            "baseState": null,
            "firstCapturedEffect": null,
            "firstCapturedUpdate": null,
            "firstEffect": null,
            "firstUpdate": Object {
              "callback": null,
              "expirationTime": 1073741823,
              "next": null,
              "nextEffect": null,
              "payload": Object {
                "element": <PluginIcon
                  slug="dummy-plugin"
                />,
              },
              "tag": 0,
            },
            "lastCapturedEffect": null,
            "lastCapturedUpdate": null,
            "lastEffect": null,
            "lastUpdate": Object {
              "callback": null,
              "expirationTime": 1073741823,
              "next": null,
              "nextEffect": null,
              "payload": Object {
                "element": <PluginIcon
                  slug="dummy-plugin"
                />,
              },
              "tag": 0,
            },
          },
        },
        "child": [Circular],
        "childExpirationTime": 0,
        "effectTag": 0,
        "elementType": null,
        "expirationTime": 0,
        "firstContextDependency": null,
        "firstEffect": [Circular],
        "index": 0,
        "key": null,
        "lastEffect": [Circular],
        "memoizedProps": null,
        "memoizedState": Object {
          "element": <PluginIcon
            slug="dummy-plugin"
          />,
        },
        "mode": 0,
        "nextEffect": null,
        "pendingProps": null,
        "ref": null,
        "return": null,
        "sibling": null,
        "stateNode": Object {
          "containerInfo": Object {
            "children": Array [],
            "createNodeMock": [Function],
            "tag": "CONTAINER",
          },
          "context": Object {},
          "current": [Circular],
          "didError": false,
          "earliestPendingTime": 0,
          "earliestSuspendedTime": 0,
          "expirationTime": 0,
          "finishedWork": null,
          "firstBatch": null,
          "hydrate": false,
          "latestPendingTime": 0,
          "latestPingedTime": 0,
          "latestSuspendedTime": 0,
          "nextExpirationTimeToWorkOn": 0,
          "nextScheduledRoot": null,
          "pendingChildren": null,
          "pendingCommitExpirationTime": 0,
          "pendingContext": null,
          "timeoutHandle": -1,
        },
        "tag": 3,
        "type": null,
        "updateQueue": Object {
          "baseState": Object {
            "element": <PluginIcon
              slug="dummy-plugin"
            />,
          },
          "firstCapturedEffect": null,
          "firstCapturedUpdate": null,
          "firstEffect": null,
          "firstUpdate": null,
          "lastCapturedEffect": null,
          "lastCapturedUpdate": null,
          "lastEffect": null,
          "lastUpdate": null,
        },
      },
      "sibling": null,
      "stateNode": [Circular],
      "tag": 1,
      "type": [Function],
      "updateQueue": null,
    },
    "_reactInternalInstance": Object {},
    "context": Object {},
    "props": Object {
      "slug": "dummy-plugin",
    },
    "refs": Object {},
    "state": null,
    "updater": Object {
      "enqueueForceUpdate": [Function],
      "enqueueReplaceState": [Function],
      "enqueueSetState": [Function],
      "isMounted": [Function],
    },
  },
  "nodeType": "component",
  "props": Object {
    "slug": "dummy-plugin",
  },
  "rendered": Object {
    "instance": null,
    "nodeType": "component",
    "props": Object {
      "children": [Function],
    },
    "rendered": Object {
      "instance": null,
      "nodeType": "component",
      "props": Object {
        "size": 100,
        "source": "",
        "type": "image",
      },
      "rendered": Object {
        "instance": null,
        "nodeType": "component",
        "props": Object {
          "children": [Function],
        },
        "rendered": null,
        "type": [Function],
      },
      "type": [Function],
    },
    "type": [Function],
  },
  "type": [Function],
}
`;
