// Jest Snapshot v1, https://goo.gl/fbAQLP

exports[`SystemContent Snapshot SystemContent component 1`] = `
<View
  style={
    Object {
      "alignItems": "center",
      "flex": 1,
      "justifyContent": "center",
    }
  }
>
  <Text>
    Loading
  </Text>
</View>
`;

exports[`SystemContent Snapshot SystemContent component after complete render 1`] = `
<View>
  <Text
    style={
      Array [
        Object {
          "color": "rgba(0, 0, 0, 0.87)",
          "fontFamily": "Helvetica",
          "fontSize": 16,
          "fontWeight": "400",
        },
        undefined,
      ]
    }
  >
    ðŸš€ BlueBase System Content!
  </Text>
</View>
`;
