// Jest Snapshot v1, https://goo.gl/fbAQLP

exports[`EmptyState Snapshot EmptyState 1`] = `
<View>
  <Text>
    Empty area
  </Text>
  <Text>
    No data found.
  </Text>
</View>
`;
