// Jest Snapshot v1, https://goo.gl/fbAQLP

exports[`BlueBaseApp Snapshot BlueBaseApp component 1`] = `
<Text>
  Loading
</Text>
`;
