// Jest Snapshot v1, https://goo.gl/fbAQLP

exports[`ErrorObserver Snapshot ErrorObserver 1`] = `
<View>
  <Text>
    Hello
  </Text>
</View>
`;

exports[`ErrorObserver Snapshot ErrorObserver after complete rendering 1`] = `
<View>
  <Text>
    Hello
  </Text>
</View>
`;

exports[`ErrorObserver Snapshot ErrorObserver after complete rendering with child as function 1`] = `
<View>
  <Text>
    Hello
  </Text>
</View>
`;

exports[`ErrorObserver Snapshot ErrorObserver after complete rendering with error 1`] = `
<View>
  <Text>
    Error
  </Text>
</View>
`;

exports[`ErrorObserver should catch an error when thrown by a child component 1`] = `
<View>
  <View
    style={
      Object {
        "alignItems": "center",
      }
    }
  >
    <Text
      style={
        Array [
          Object {
            "color": "rgba(0, 0, 0, 0.87)",
            "fontFamily": "Roboto",
            "fontSize": 20,
            "fontWeight": "500",
          },
          Object {
            "marginBottom": 8,
            "textAlign": "center",
          },
        ]
      }
    >
      Error
    </Text>
    <Text
      style={
        Array [
          Object {
            "color": "rgba(0, 0, 0, 0.87)",
            "fontFamily": "Roboto",
            "fontSize": 16,
            "fontWeight": "400",
          },
          Object {
            "textAlign": "center",
          },
        ]
      }
    >
      ðŸ’¥ Boom!
    </Text>
  </View>
</View>
`;

exports[`ErrorObserver should catch an error when thrown null by a child component 1`] = `
<View>
  <View
    style={
      Object {
        "alignItems": "center",
      }
    }
  >
    <Text
      style={
        Array [
          Object {
            "color": "rgba(0, 0, 0, 0.87)",
            "fontFamily": "Roboto",
            "fontSize": 20,
            "fontWeight": "500",
          },
          Object {
            "marginBottom": 8,
            "textAlign": "center",
          },
        ]
      }
    >
      Error
    </Text>
    <Text
      style={
        Array [
          Object {
            "color": "rgba(0, 0, 0, 0.87)",
            "fontFamily": "Roboto",
            "fontSize": 16,
            "fontWeight": "400",
          },
          Object {
            "textAlign": "center",
          },
        ]
      }
    >
      An unknown error occured.
    </Text>
  </View>
</View>
`;

exports[`ErrorObserver should not catch an error because check error is null 1`] = `
<View>
  <Text>
    Hello
  </Text>
</View>
`;
