// Jest Snapshot v1, https://goo.gl/fbAQLP

exports[`BlueBaseApp Snapshot BlueBaseApp component 1`] = `
<Text>
  Loading
</Text>
`;

exports[`BlueBaseApp Snapshot BlueBaseApp component after complete rendering 1`] = `
<View>
  <View>
    <Text
      style={
        Array [
          undefined,
          undefined,
        ]
      }
    >
      ðŸš€ BlueBase System Content!
    </Text>
  </View>
</View>
`;
