// Jest Snapshot v1, https://goo.gl/fbAQLP

exports[`BlueBaseHook should render a hooked value 1`] = `
<View
  style={
    Object {
      "alignItems": "center",
      "flex": 1,
      "justifyContent": "center",
    }
  }
>
  <Text>
    Loading
  </Text>
</View>
`;

exports[`BlueBaseHook should render a hooked value 2`] = `
<Text>
  25
</Text>
`;
