// Jest Snapshot v1, https://goo.gl/fbAQLP

exports[`BlueBaseFilter should render a filtered value 1`] = `
<View
  style={
    Object {
      "alignItems": "center",
      "flex": 1,
      "justifyContent": "center",
    }
  }
>
  <Text>
    Loading
  </Text>
</View>
`;

exports[`BlueBaseFilter should render a filtered value 2`] = `
<Text>
  25
</Text>
`;
